Godot Engine v4.7.1.stable.official.a13da4feb - https://godotengine.org

ERROR: Failed to read the root certificate store.
   at: get_system_ca_certificates (platform/windows/os_windows.cpp:2582)
ERROR: Could not open 'user://' directory: 'user://'.
   at: _get_and_create_snapshot_storage_dir (modules/objectdb_profiler/editor/objectdb_profiler_panel.cpp:157)
[   0% ] first_scan_filesystem | Started Projektinitialisierung (5 steps)
[   0% ] first_scan_filesystem | Lese Dateistrucktur …
[  16% ] first_scan_filesystem | Globale Klassennamen laden …
[  33% ] first_scan_filesystem | Verifiziere GDExtensions…
[  50% ] first_scan_filesystem | Autoload-Skripte erzeugen …
[  66% ] first_scan_filesystem | Plugins initialisieren…
[  83% ] first_scan_filesystem | Dateiscan starten …
[ DONE ] first_scan_filesystem

[   0% ] update_scripts_classes | Started Globale Klassen registrieren … (34 steps)
[   0% ] update_scripts_classes | 
[   2% ] update_scripts_classes | 
[   5% ] update_scripts_classes | 
[   8% ] update_scripts_classes | 
[  11% ] update_scripts_classes | 
[  14% ] update_scripts_classes | 
[  17% ] update_scripts_classes | 
[  20% ] update_scripts_classes | 
[  22% ] update_scripts_classes | 
[  25% ] update_scripts_classes | 
[  28% ] update_scripts_classes | 
[  31% ] update_scripts_classes | DataLoader
[  34% ] update_scripts_classes | 
[  37% ] update_scripts_classes | 
[  40% ] update_scripts_classes | 
[  42% ] update_scripts_classes | 
[  45% ] update_scripts_classes | 
[  48% ] update_scripts_classes | 
[  51% ] update_scripts_classes | 
[  54% ] update_scripts_classes | 
[  57% ] update_scripts_classes | 
[  60% ] update_scripts_classes | 
[  62% ] update_scripts_classes | 
[  65% ] update_scripts_classes | 
[  68% ] update_scripts_classes | 
[  71% ] update_scripts_classes | 
[  74% ] update_scripts_classes | 
[  77% ] update_scripts_classes | 
[  80% ] update_scripts_classes | 
[  82% ] update_scripts_classes | 
[  85% ] update_scripts_classes | 
[  88% ] update_scripts_classes | 
[  91% ] update_scripts_classes | 
[  94% ] update_scripts_classes | 
[ DONE ] update_scripts_classes

[   0% ] _update_scan_actions | Started Aktionen scannen … (8 steps)
[   0% ] _update_scan_actions | BebasNeue-Regular.ttf
[  11% ] _update_scan_actions | Cinzel.ttf
[  22% ] _update_scan_actions | Limelight-Regular.ttf
[  33% ] _update_scan_actions | Orbitron.ttf
[  44% ] _update_scan_actions | era_modern.ogg
[  55% ] _update_scan_actions | era_noir.ogg
[  66% ] _update_scan_actions | era_ragtime.ogg
[  77% ] _update_scan_actions | era_synth.ogg
[ DONE ] _update_scan_actions

[   0% ] reimport | Started Assets (erneut) importieren (8 steps)
[   0% ] reimport | Dateien zum Neuimport vorbereiten …
[  11% ] reimport | Dateien zum Neuimport vorbereiten …
[  22% ] reimport | Dateien zum Neuimport vorbereiten …
[  33% ] reimport | Dateien zum Neuimport vorbereiten …
[  44% ] reimport | Dateien zum Neuimport vorbereiten …
[  55% ] reimport | Dateien zum Neuimport vorbereiten …
[  66% ] reimport | Dateien zum Neuimport vorbereiten …
[  77% ] reimport | Dateien zum Neuimport vorbereiten …
[   0% ] reimport | Vor-Neuimport-Operationen ausführen …
[   0% ] reimport | BebasNeue-Regular.ttf
[  11% ] reimport | Cinzel.ttf
[  22% ] reimport | Limelight-Regular.ttf
[  33% ] reimport | Orbitron.ttf
[  44% ] reimport | BebasNeue-Regular.ttf
WARNING: Invalid comment in Ogg Vorbis file "", should contain '=': "Sony Ogg Vorbis 1.0 Final".
   at: maybe_update_info (modules/vorbis/audio_stream_ogg_vorbis.cpp:473)
[  55% ] reimport | Cinzel.ttf
[  66% ] reimport | Limelight-Regular.ttf
[  77% ] reimport | Orbitron.ttf
[  88% ] reimport | Asset-Import fertigstellen …
[ DONE ] reimport

[   0% ] reimport | Started Assets (erneut) importieren (8 steps)
[   0% ] reimport | Nach-Neuimport-Operationen ausführen …
[ DONE ] reimport

[   0% ] loading_editor_layout | Started Editor laden (5 steps)
[   0% ] loading_editor_layout | Editor-Layout laden …
[  16% ] loading_editor_layout | Docks laden …
[ DONE ] loading_editor_layout

ERROR: Cannot save file 'C:/Users/Anwender/AppData/Roaming/Godot/editor_settings-4.7.tres'.
   at: save (scene/resources/resource_format_text.cpp:1768)
ERROR: Error saving editor settings to C:/Users/Anwender/AppData/Roaming/Godot/editor_settings-4.7.tres
   at: save (editor/settings/editor_settings.cpp:1525)
