Godot Engine v4.7.1.stable.official.a13da4feb - https://godotengine.org

ERROR: Failed to read the root certificate store.
   at: get_system_ca_certificates (platform/windows/os_windows.cpp:2582)
TIMING_CONTEXT;{  }
TIMING;start_week=1;delay_weeks=1;actual_end_week_calls=5
TIMING_CONTEXT;{  }
TIMING;start_week=1;delay_weeks=4;actual_end_week_calls=5
TIMING_CONTEXT;{  }
TIMING;start_week=1;delay_weeks=5;actual_end_week_calls=5
TIMING_CONTEXT;{  }
TIMING;start_week=1;delay_weeks=6;actual_end_week_calls=9
TIMING_CONTEXT;{  }
TIMING;start_week=1;delay_weeks=12;actual_end_week_calls=13
TIMING_CONTEXT;{  }
TIMING;start_week=4;delay_weeks=1;actual_end_week_calls=2
TIMING_CONTEXT;{  }
TIMING;start_week=4;delay_weeks=4;actual_end_week_calls=2
TIMING_CONTEXT;{  }
TIMING;start_week=4;delay_weeks=5;actual_end_week_calls=2
TIMING_CONTEXT;{  }
TIMING;start_week=4;delay_weeks=6;actual_end_week_calls=6
TIMING_CONTEXT;{  }
TIMING;start_week=4;delay_weeks=12;actual_end_week_calls=10
TIMING_DONE
