Godot Engine v4.7.1.stable.official.a13da4feb - https://godotengine.org

ERROR: Failed to read the root certificate store.
   at: get_system_ca_certificates (platform/windows/os_windows.cpp:2582)
UI_RENDER_BEGIN;1925;;buero
UI_RENDER_BEGIN;1925;;privat
UI_RENDER_BEGIN;1925;;lifestyle
UI_RENDER_BEGIN;1925;;invest
UI_RENDER_BEGIN;1925;;kontakte
UI_RENDER_BEGIN;1925;;post
UI_RENDER_BEGIN;1925;;orte
UI_RENDER_BEGIN;1925;;klienten
UI_RENDER_BEGIN;1925;;rumors
UI_RENDER_BEGIN;1925;;zeitung
UI_RENDER_BEGIN;1925;;quests
UI_RENDER_BEGIN;1925;;pool
UI_RENDER_BEGIN;1925;;castings
UI_RENDER_BEGIN;1925;;filme
UI_RENDER_BEGIN;1925;;planer
UI_RENDER_BEGIN;1925;;finanzen
UI_RENDER_BEGIN;1925;;chronik
UI_START_DONE;1925;
UI_RENDER_BEGIN;1925;ex_studio_junior;buero
UI_RENDER_BEGIN;1925;ex_studio_junior;privat
UI_RENDER_BEGIN;1925;ex_studio_junior;lifestyle
UI_RENDER_BEGIN;1925;ex_studio_junior;invest
UI_RENDER_BEGIN;1925;ex_studio_junior;kontakte
UI_RENDER_BEGIN;1925;ex_studio_junior;post
UI_RENDER_BEGIN;1925;ex_studio_junior;orte
UI_RENDER_BEGIN;1925;ex_studio_junior;klienten
UI_RENDER_BEGIN;1925;ex_studio_junior;rumors
UI_RENDER_BEGIN;1925;ex_studio_junior;zeitung
UI_RENDER_BEGIN;1925;ex_studio_junior;quests
UI_RENDER_BEGIN;1925;ex_studio_junior;pool
UI_RENDER_BEGIN;1925;ex_studio_junior;castings
UI_RENDER_BEGIN;1925;ex_studio_junior;filme
UI_RENDER_BEGIN;1925;ex_studio_junior;planer
UI_RENDER_BEGIN;1925;ex_studio_junior;finanzen
UI_RENDER_BEGIN;1925;ex_studio_junior;chronik
UI_START_DONE;1925;ex_studio_junior
UI_RENDER_BEGIN;1925;kolumnist;buero
UI_RENDER_BEGIN;1925;kolumnist;privat
UI_RENDER_BEGIN;1925;kolumnist;lifestyle
UI_RENDER_BEGIN;1925;kolumnist;invest
UI_RENDER_BEGIN;1925;kolumnist;kontakte
UI_RENDER_BEGIN;1925;kolumnist;post
UI_RENDER_BEGIN;1925;kolumnist;orte
UI_RENDER_BEGIN;1925;kolumnist;klienten
UI_RENDER_BEGIN;1925;kolumnist;rumors
UI_RENDER_BEGIN;1925;kolumnist;zeitung
UI_RENDER_BEGIN;1925;kolumnist;quests
UI_RENDER_BEGIN;1925;kolumnist;pool
UI_RENDER_BEGIN;1925;kolumnist;castings
UI_RENDER_BEGIN;1925;kolumnist;filme
UI_RENDER_BEGIN;1925;kolumnist;planer
UI_RENDER_BEGIN;1925;kolumnist;finanzen
UI_RENDER_BEGIN;1925;kolumnist;chronik
UI_START_DONE;1925;kolumnist
UI_RENDER_BEGIN;1925;anwalt;buero
UI_RENDER_BEGIN;1925;anwalt;privat
UI_RENDER_BEGIN;1925;anwalt;lifestyle
UI_RENDER_BEGIN;1925;anwalt;invest
UI_RENDER_BEGIN;1925;anwalt;kontakte
UI_RENDER_BEGIN;1925;anwalt;post
UI_RENDER_BEGIN;1925;anwalt;orte
UI_RENDER_BEGIN;1925;anwalt;klienten
UI_RENDER_BEGIN;1925;anwalt;rumors
UI_RENDER_BEGIN;1925;anwalt;zeitung
UI_RENDER_BEGIN;1925;anwalt;quests
UI_RENDER_BEGIN;1925;anwalt;pool
UI_RENDER_BEGIN;1925;anwalt;castings
UI_RENDER_BEGIN;1925;anwalt;filme
UI_RENDER_BEGIN;1925;anwalt;planer
UI_RENDER_BEGIN;1925;anwalt;finanzen
UI_RENDER_BEGIN;1925;anwalt;chronik
UI_START_DONE;1925;anwalt
UI_RENDER_BEGIN;1925;gescheitert;buero
UI_RENDER_BEGIN;1925;gescheitert;privat
UI_RENDER_BEGIN;1925;gescheitert;lifestyle
UI_RENDER_BEGIN;1925;gescheitert;invest
UI_RENDER_BEGIN;1925;gescheitert;kontakte
UI_RENDER_BEGIN;1925;gescheitert;post
UI_RENDER_BEGIN;1925;gescheitert;orte
UI_RENDER_BEGIN;1925;gescheitert;klienten
UI_RENDER_BEGIN;1925;gescheitert;rumors
UI_RENDER_BEGIN;1925;gescheitert;zeitung
UI_RENDER_BEGIN;1925;gescheitert;quests
UI_RENDER_BEGIN;1925;gescheitert;pool
UI_RENDER_BEGIN;1925;gescheitert;castings
UI_RENDER_BEGIN;1925;gescheitert;filme
UI_RENDER_BEGIN;1925;gescheitert;planer
UI_RENDER_BEGIN;1925;gescheitert;finanzen
UI_RENDER_BEGIN;1925;gescheitert;chronik
UI_START_DONE;1925;gescheitert
UI_RENDER_BEGIN;1925;aufsteiger;buero
UI_RENDER_BEGIN;1925;aufsteiger;privat
UI_RENDER_BEGIN;1925;aufsteiger;lifestyle
UI_RENDER_BEGIN;1925;aufsteiger;invest
UI_RENDER_BEGIN;1925;aufsteiger;kontakte
UI_RENDER_BEGIN;1925;aufsteiger;post
UI_RENDER_BEGIN;1925;aufsteiger;orte
UI_RENDER_BEGIN;1925;aufsteiger;klienten
UI_RENDER_BEGIN;1925;aufsteiger;rumors
UI_RENDER_BEGIN;1925;aufsteiger;zeitung
UI_RENDER_BEGIN;1925;aufsteiger;quests
UI_RENDER_BEGIN;1925;aufsteiger;pool
UI_RENDER_BEGIN;1925;aufsteiger;castings
UI_RENDER_BEGIN;1925;aufsteiger;filme
UI_RENDER_BEGIN;1925;aufsteiger;planer
UI_RENDER_BEGIN;1925;aufsteiger;finanzen
UI_RENDER_BEGIN;1925;aufsteiger;chronik
UI_START_DONE;1925;aufsteiger
UI_RENDER_BEGIN;1950;;buero
UI_RENDER_BEGIN;1950;;privat
UI_RENDER_BEGIN;1950;;lifestyle
UI_RENDER_BEGIN;1950;;invest
UI_RENDER_BEGIN;1950;;kontakte
UI_RENDER_BEGIN;1950;;post
UI_RENDER_BEGIN;1950;;orte
UI_RENDER_BEGIN;1950;;klienten
UI_RENDER_BEGIN;1950;;rumors
UI_RENDER_BEGIN;1950;;zeitung
UI_RENDER_BEGIN;1950;;quests
UI_RENDER_BEGIN;1950;;pool
UI_RENDER_BEGIN;1950;;castings
UI_RENDER_BEGIN;1950;;filme
UI_RENDER_BEGIN;1950;;planer
UI_RENDER_BEGIN;1950;;finanzen
UI_RENDER_BEGIN;1950;;chronik
UI_START_DONE;1950;
UI_RENDER_BEGIN;1950;ex_studio_junior;buero
UI_RENDER_BEGIN;1950;ex_studio_junior;privat
UI_RENDER_BEGIN;1950;ex_studio_junior;lifestyle
UI_RENDER_BEGIN;1950;ex_studio_junior;invest
UI_RENDER_BEGIN;1950;ex_studio_junior;kontakte
UI_RENDER_BEGIN;1950;ex_studio_junior;post
UI_RENDER_BEGIN;1950;ex_studio_junior;orte
UI_RENDER_BEGIN;1950;ex_studio_junior;klienten
UI_RENDER_BEGIN;1950;ex_studio_junior;rumors
UI_RENDER_BEGIN;1950;ex_studio_junior;zeitung
UI_RENDER_BEGIN;1950;ex_studio_junior;quests
UI_RENDER_BEGIN;1950;ex_studio_junior;pool
UI_RENDER_BEGIN;1950;ex_studio_junior;castings
UI_RENDER_BEGIN;1950;ex_studio_junior;filme
UI_RENDER_BEGIN;1950;ex_studio_junior;planer
UI_RENDER_BEGIN;1950;ex_studio_junior;finanzen
UI_RENDER_BEGIN;1950;ex_studio_junior;chronik
UI_START_DONE;1950;ex_studio_junior
UI_RENDER_BEGIN;1950;kolumnist;buero
UI_RENDER_BEGIN;1950;kolumnist;privat
UI_RENDER_BEGIN;1950;kolumnist;lifestyle
UI_RENDER_BEGIN;1950;kolumnist;invest
UI_RENDER_BEGIN;1950;kolumnist;kontakte
UI_RENDER_BEGIN;1950;kolumnist;post
UI_RENDER_BEGIN;1950;kolumnist;orte
UI_RENDER_BEGIN;1950;kolumnist;klienten
UI_RENDER_BEGIN;1950;kolumnist;rumors
UI_RENDER_BEGIN;1950;kolumnist;zeitung
UI_RENDER_BEGIN;1950;kolumnist;quests
UI_RENDER_BEGIN;1950;kolumnist;pool
UI_RENDER_BEGIN;1950;kolumnist;castings
UI_RENDER_BEGIN;1950;kolumnist;filme
UI_RENDER_BEGIN;1950;kolumnist;planer
UI_RENDER_BEGIN;1950;kolumnist;finanzen
UI_RENDER_BEGIN;1950;kolumnist;chronik
UI_START_DONE;1950;kolumnist
UI_RENDER_BEGIN;1950;anwalt;buero
UI_RENDER_BEGIN;1950;anwalt;privat
UI_RENDER_BEGIN;1950;anwalt;lifestyle
UI_RENDER_BEGIN;1950;anwalt;invest
UI_RENDER_BEGIN;1950;anwalt;kontakte
UI_RENDER_BEGIN;1950;anwalt;post
UI_RENDER_BEGIN;1950;anwalt;orte
UI_RENDER_BEGIN;1950;anwalt;klienten
UI_RENDER_BEGIN;1950;anwalt;rumors
UI_RENDER_BEGIN;1950;anwalt;zeitung
UI_RENDER_BEGIN;1950;anwalt;quests
UI_RENDER_BEGIN;1950;anwalt;pool
UI_RENDER_BEGIN;1950;anwalt;castings
UI_RENDER_BEGIN;1950;anwalt;filme
UI_RENDER_BEGIN;1950;anwalt;planer
UI_RENDER_BEGIN;1950;anwalt;finanzen
UI_RENDER_BEGIN;1950;anwalt;chronik
UI_START_DONE;1950;anwalt
UI_RENDER_BEGIN;1950;gescheitert;buero
UI_RENDER_BEGIN;1950;gescheitert;privat
UI_RENDER_BEGIN;1950;gescheitert;lifestyle
UI_RENDER_BEGIN;1950;gescheitert;invest
UI_RENDER_BEGIN;1950;gescheitert;kontakte
UI_RENDER_BEGIN;1950;gescheitert;post
UI_RENDER_BEGIN;1950;gescheitert;orte
UI_RENDER_BEGIN;1950;gescheitert;klienten
UI_RENDER_BEGIN;1950;gescheitert;rumors
UI_RENDER_BEGIN;1950;gescheitert;zeitung
UI_RENDER_BEGIN;1950;gescheitert;quests
UI_RENDER_BEGIN;1950;gescheitert;pool
UI_RENDER_BEGIN;1950;gescheitert;castings
UI_RENDER_BEGIN;1950;gescheitert;filme
UI_RENDER_BEGIN;1950;gescheitert;planer
UI_RENDER_BEGIN;1950;gescheitert;finanzen
UI_RENDER_BEGIN;1950;gescheitert;chronik
UI_START_DONE;1950;gescheitert
UI_RENDER_BEGIN;1950;aufsteiger;buero
UI_RENDER_BEGIN;1950;aufsteiger;privat
UI_RENDER_BEGIN;1950;aufsteiger;lifestyle
UI_RENDER_BEGIN;1950;aufsteiger;invest
UI_RENDER_BEGIN;1950;aufsteiger;kontakte
UI_RENDER_BEGIN;1950;aufsteiger;post
UI_RENDER_BEGIN;1950;aufsteiger;orte
UI_RENDER_BEGIN;1950;aufsteiger;klienten
UI_RENDER_BEGIN;1950;aufsteiger;rumors
UI_RENDER_BEGIN;1950;aufsteiger;zeitung
UI_RENDER_BEGIN;1950;aufsteiger;quests
UI_RENDER_BEGIN;1950;aufsteiger;pool
UI_RENDER_BEGIN;1950;aufsteiger;castings
UI_RENDER_BEGIN;1950;aufsteiger;filme
UI_RENDER_BEGIN;1950;aufsteiger;planer
UI_RENDER_BEGIN;1950;aufsteiger;finanzen
UI_RENDER_BEGIN;1950;aufsteiger;chronik
UI_START_DONE;1950;aufsteiger
UI_RENDER_BEGIN;1980;;buero
UI_RENDER_BEGIN;1980;;privat
UI_RENDER_BEGIN;1980;;lifestyle
UI_RENDER_BEGIN;1980;;invest
UI_RENDER_BEGIN;1980;;kontakte
UI_RENDER_BEGIN;1980;;post
UI_RENDER_BEGIN;1980;;orte
UI_RENDER_BEGIN;1980;;klienten
UI_RENDER_BEGIN;1980;;rumors
UI_RENDER_BEGIN;1980;;zeitung
UI_RENDER_BEGIN;1980;;quests
UI_RENDER_BEGIN;1980;;pool
UI_RENDER_BEGIN;1980;;castings
UI_RENDER_BEGIN;1980;;filme
UI_RENDER_BEGIN;1980;;planer
UI_RENDER_BEGIN;1980;;finanzen
UI_RENDER_BEGIN;1980;;chronik
UI_START_DONE;1980;
UI_RENDER_BEGIN;1980;ex_studio_junior;buero
UI_RENDER_BEGIN;1980;ex_studio_junior;privat
UI_RENDER_BEGIN;1980;ex_studio_junior;lifestyle
UI_RENDER_BEGIN;1980;ex_studio_junior;invest
UI_RENDER_BEGIN;1980;ex_studio_junior;kontakte
UI_RENDER_BEGIN;1980;ex_studio_junior;post
UI_RENDER_BEGIN;1980;ex_studio_junior;orte
UI_RENDER_BEGIN;1980;ex_studio_junior;klienten
UI_RENDER_BEGIN;1980;ex_studio_junior;rumors
UI_RENDER_BEGIN;1980;ex_studio_junior;zeitung
UI_RENDER_BEGIN;1980;ex_studio_junior;quests
UI_RENDER_BEGIN;1980;ex_studio_junior;pool
UI_RENDER_BEGIN;1980;ex_studio_junior;castings
UI_RENDER_BEGIN;1980;ex_studio_junior;filme
UI_RENDER_BEGIN;1980;ex_studio_junior;planer
UI_RENDER_BEGIN;1980;ex_studio_junior;finanzen
UI_RENDER_BEGIN;1980;ex_studio_junior;chronik
UI_START_DONE;1980;ex_studio_junior
UI_RENDER_BEGIN;1980;kolumnist;buero
UI_RENDER_BEGIN;1980;kolumnist;privat
UI_RENDER_BEGIN;1980;kolumnist;lifestyle
UI_RENDER_BEGIN;1980;kolumnist;invest
UI_RENDER_BEGIN;1980;kolumnist;kontakte
UI_RENDER_BEGIN;1980;kolumnist;post
UI_RENDER_BEGIN;1980;kolumnist;orte
UI_RENDER_BEGIN;1980;kolumnist;klienten
UI_RENDER_BEGIN;1980;kolumnist;rumors
UI_RENDER_BEGIN;1980;kolumnist;zeitung
UI_RENDER_BEGIN;1980;kolumnist;quests
UI_RENDER_BEGIN;1980;kolumnist;pool
UI_RENDER_BEGIN;1980;kolumnist;castings
UI_RENDER_BEGIN;1980;kolumnist;filme
UI_RENDER_BEGIN;1980;kolumnist;planer
UI_RENDER_BEGIN;1980;kolumnist;finanzen
UI_RENDER_BEGIN;1980;kolumnist;chronik
UI_START_DONE;1980;kolumnist
UI_RENDER_BEGIN;1980;anwalt;buero
UI_RENDER_BEGIN;1980;anwalt;privat
UI_RENDER_BEGIN;1980;anwalt;lifestyle
UI_RENDER_BEGIN;1980;anwalt;invest
UI_RENDER_BEGIN;1980;anwalt;kontakte
UI_RENDER_BEGIN;1980;anwalt;post
UI_RENDER_BEGIN;1980;anwalt;orte
UI_RENDER_BEGIN;1980;anwalt;klienten
UI_RENDER_BEGIN;1980;anwalt;rumors
UI_RENDER_BEGIN;1980;anwalt;zeitung
UI_RENDER_BEGIN;1980;anwalt;quests
UI_RENDER_BEGIN;1980;anwalt;pool
UI_RENDER_BEGIN;1980;anwalt;castings
UI_RENDER_BEGIN;1980;anwalt;filme
UI_RENDER_BEGIN;1980;anwalt;planer
UI_RENDER_BEGIN;1980;anwalt;finanzen
UI_RENDER_BEGIN;1980;anwalt;chronik
UI_START_DONE;1980;anwalt
UI_RENDER_BEGIN;1980;gescheitert;buero
UI_RENDER_BEGIN;1980;gescheitert;privat
UI_RENDER_BEGIN;1980;gescheitert;lifestyle
UI_RENDER_BEGIN;1980;gescheitert;invest
UI_RENDER_BEGIN;1980;gescheitert;kontakte
UI_RENDER_BEGIN;1980;gescheitert;post
UI_RENDER_BEGIN;1980;gescheitert;orte
UI_RENDER_BEGIN;1980;gescheitert;klienten
UI_RENDER_BEGIN;1980;gescheitert;rumors
UI_RENDER_BEGIN;1980;gescheitert;zeitung
UI_RENDER_BEGIN;1980;gescheitert;quests
UI_RENDER_BEGIN;1980;gescheitert;pool
UI_RENDER_BEGIN;1980;gescheitert;castings
UI_RENDER_BEGIN;1980;gescheitert;filme
UI_RENDER_BEGIN;1980;gescheitert;planer
UI_RENDER_BEGIN;1980;gescheitert;finanzen
UI_RENDER_BEGIN;1980;gescheitert;chronik
UI_START_DONE;1980;gescheitert
UI_RENDER_BEGIN;1980;aufsteiger;buero
UI_RENDER_BEGIN;1980;aufsteiger;privat
UI_RENDER_BEGIN;1980;aufsteiger;lifestyle
UI_RENDER_BEGIN;1980;aufsteiger;invest
UI_RENDER_BEGIN;1980;aufsteiger;kontakte
UI_RENDER_BEGIN;1980;aufsteiger;post
UI_RENDER_BEGIN;1980;aufsteiger;orte
UI_RENDER_BEGIN;1980;aufsteiger;klienten
UI_RENDER_BEGIN;1980;aufsteiger;rumors
UI_RENDER_BEGIN;1980;aufsteiger;zeitung
UI_RENDER_BEGIN;1980;aufsteiger;quests
UI_RENDER_BEGIN;1980;aufsteiger;pool
UI_RENDER_BEGIN;1980;aufsteiger;castings
UI_RENDER_BEGIN;1980;aufsteiger;filme
UI_RENDER_BEGIN;1980;aufsteiger;planer
UI_RENDER_BEGIN;1980;aufsteiger;finanzen
UI_RENDER_BEGIN;1980;aufsteiger;chronik
UI_START_DONE;1980;aufsteiger
UI_RENDER_BEGIN;2010;;buero
UI_RENDER_BEGIN;2010;;privat
UI_RENDER_BEGIN;2010;;lifestyle
UI_RENDER_BEGIN;2010;;invest
UI_RENDER_BEGIN;2010;;kontakte
UI_RENDER_BEGIN;2010;;post
UI_RENDER_BEGIN;2010;;orte
UI_RENDER_BEGIN;2010;;klienten
UI_RENDER_BEGIN;2010;;rumors
UI_RENDER_BEGIN;2010;;zeitung
UI_RENDER_BEGIN;2010;;quests
UI_RENDER_BEGIN;2010;;pool
UI_RENDER_BEGIN;2010;;castings
UI_RENDER_BEGIN;2010;;filme
UI_RENDER_BEGIN;2010;;planer
UI_RENDER_BEGIN;2010;;finanzen
UI_RENDER_BEGIN;2010;;chronik
UI_START_DONE;2010;
UI_RENDER_BEGIN;2010;ex_studio_junior;buero
UI_RENDER_BEGIN;2010;ex_studio_junior;privat
UI_RENDER_BEGIN;2010;ex_studio_junior;lifestyle
UI_RENDER_BEGIN;2010;ex_studio_junior;invest
UI_RENDER_BEGIN;2010;ex_studio_junior;kontakte
UI_RENDER_BEGIN;2010;ex_studio_junior;post
UI_RENDER_BEGIN;2010;ex_studio_junior;orte
UI_RENDER_BEGIN;2010;ex_studio_junior;klienten
UI_RENDER_BEGIN;2010;ex_studio_junior;rumors
UI_RENDER_BEGIN;2010;ex_studio_junior;zeitung
UI_RENDER_BEGIN;2010;ex_studio_junior;quests
UI_RENDER_BEGIN;2010;ex_studio_junior;pool
UI_RENDER_BEGIN;2010;ex_studio_junior;castings
UI_RENDER_BEGIN;2010;ex_studio_junior;filme
UI_RENDER_BEGIN;2010;ex_studio_junior;planer
UI_RENDER_BEGIN;2010;ex_studio_junior;finanzen
UI_RENDER_BEGIN;2010;ex_studio_junior;chronik
UI_START_DONE;2010;ex_studio_junior
UI_RENDER_BEGIN;2010;kolumnist;buero
UI_RENDER_BEGIN;2010;kolumnist;privat
UI_RENDER_BEGIN;2010;kolumnist;lifestyle
UI_RENDER_BEGIN;2010;kolumnist;invest
UI_RENDER_BEGIN;2010;kolumnist;kontakte
UI_RENDER_BEGIN;2010;kolumnist;post
UI_RENDER_BEGIN;2010;kolumnist;orte
UI_RENDER_BEGIN;2010;kolumnist;klienten
UI_RENDER_BEGIN;2010;kolumnist;rumors
UI_RENDER_BEGIN;2010;kolumnist;zeitung
UI_RENDER_BEGIN;2010;kolumnist;quests
UI_RENDER_BEGIN;2010;kolumnist;pool
UI_RENDER_BEGIN;2010;kolumnist;castings
UI_RENDER_BEGIN;2010;kolumnist;filme
UI_RENDER_BEGIN;2010;kolumnist;planer
UI_RENDER_BEGIN;2010;kolumnist;finanzen
UI_RENDER_BEGIN;2010;kolumnist;chronik
UI_START_DONE;2010;kolumnist
UI_RENDER_BEGIN;2010;anwalt;buero
UI_RENDER_BEGIN;2010;anwalt;privat
UI_RENDER_BEGIN;2010;anwalt;lifestyle
UI_RENDER_BEGIN;2010;anwalt;invest
UI_RENDER_BEGIN;2010;anwalt;kontakte
UI_RENDER_BEGIN;2010;anwalt;post
UI_RENDER_BEGIN;2010;anwalt;orte
UI_RENDER_BEGIN;2010;anwalt;klienten
UI_RENDER_BEGIN;2010;anwalt;rumors
UI_RENDER_BEGIN;2010;anwalt;zeitung
UI_RENDER_BEGIN;2010;anwalt;quests
UI_RENDER_BEGIN;2010;anwalt;pool
UI_RENDER_BEGIN;2010;anwalt;castings
UI_RENDER_BEGIN;2010;anwalt;filme
UI_RENDER_BEGIN;2010;anwalt;planer
UI_RENDER_BEGIN;2010;anwalt;finanzen
UI_RENDER_BEGIN;2010;anwalt;chronik
UI_START_DONE;2010;anwalt
UI_RENDER_BEGIN;2010;gescheitert;buero
UI_RENDER_BEGIN;2010;gescheitert;privat
UI_RENDER_BEGIN;2010;gescheitert;lifestyle
UI_RENDER_BEGIN;2010;gescheitert;invest
UI_RENDER_BEGIN;2010;gescheitert;kontakte
UI_RENDER_BEGIN;2010;gescheitert;post
UI_RENDER_BEGIN;2010;gescheitert;orte
UI_RENDER_BEGIN;2010;gescheitert;klienten
UI_RENDER_BEGIN;2010;gescheitert;rumors
UI_RENDER_BEGIN;2010;gescheitert;zeitung
UI_RENDER_BEGIN;2010;gescheitert;quests
UI_RENDER_BEGIN;2010;gescheitert;pool
UI_RENDER_BEGIN;2010;gescheitert;castings
UI_RENDER_BEGIN;2010;gescheitert;filme
UI_RENDER_BEGIN;2010;gescheitert;planer
UI_RENDER_BEGIN;2010;gescheitert;finanzen
UI_RENDER_BEGIN;2010;gescheitert;chronik
UI_START_DONE;2010;gescheitert
UI_RENDER_BEGIN;2010;aufsteiger;buero
UI_RENDER_BEGIN;2010;aufsteiger;privat
UI_RENDER_BEGIN;2010;aufsteiger;lifestyle
UI_RENDER_BEGIN;2010;aufsteiger;invest
UI_RENDER_BEGIN;2010;aufsteiger;kontakte
UI_RENDER_BEGIN;2010;aufsteiger;post
UI_RENDER_BEGIN;2010;aufsteiger;orte
UI_RENDER_BEGIN;2010;aufsteiger;klienten
UI_RENDER_BEGIN;2010;aufsteiger;rumors
UI_RENDER_BEGIN;2010;aufsteiger;zeitung
UI_RENDER_BEGIN;2010;aufsteiger;quests
UI_RENDER_BEGIN;2010;aufsteiger;pool
UI_RENDER_BEGIN;2010;aufsteiger;castings
UI_RENDER_BEGIN;2010;aufsteiger;filme
UI_RENDER_BEGIN;2010;aufsteiger;planer
UI_RENDER_BEGIN;2010;aufsteiger;finanzen
UI_RENDER_BEGIN;2010;aufsteiger;chronik
UI_START_DONE;2010;aufsteiger
UI_SMOKE_DONE;starts=24;renders=408
